../Drivers/CMSIS/Include/core_cm4.h:2064:26:ITM_SendChar	16	static,ignoring_inline_asm
../Core/Src/main.c:87:5:__io_putchar	16	static
../Core/Src/main.c:106:5:main	8	static
../Core/Src/main.c:196:6:SystemClock_Config	88	static
../Core/Src/main.c:238:13:MX_USART2_UART_Init	8	static
../Core/Src/main.c:271:13:MX_GPIO_Init	40	static
../Core/Src/main.c:316:7:reportStatus	8	static
../Core/Src/main.c:332:6:StartTask01	24	static
../Core/Src/main.c:359:6:StartTask02	24	static
../Core/Src/main.c:385:6:StartTask03	24	static
../Core/Src/main.c:412:6:HAL_TIM_PeriodElapsedCallback	16	static
../Core/Src/main.c:430:6:Error_Handler	4	static,ignoring_inline_asm
